#-----------------------------------------------------------
# PlanAhead v14.7 (64-bit)
# Build 321239 by xbuild on Fri Sep 27 19:29:51 MDT 2013
# Start of session at: Thu May 18 10:35:53 2017
# Process ID: 2028
# Log file: C:/Users/jani/Desktop/LUCID intern/ise projects/ttllogic ctr/ttlctr/planAhead_run_1/planAhead.log
# Journal file: C:/Users/jani/Desktop/LUCID intern/ise projects/ttllogic ctr/ttlctr/planAhead_run_1/planAhead.jou
#-----------------------------------------------------------
start_gui
source {C:/Users/jani/Desktop/LUCID intern/ise projects/ttllogic ctr/ttlctr/pa.fromHdl.tcl}
update_compile_order -fileset sim_1
startgroup
set_property package_pin M18 [get_ports ip]
endgroup
startgroup
set_property package_pin P15 [get_ports op]
endgroup
startgroup
set_property package_pin L18 [get_ports reset]
endgroup
set_property is_loc_fixed false [get_ports [list  reset]]
set_property is_loc_fixed true [get_ports [list  reset]]
set_property iostandard LVCMOS25 [get_ports [list ip]]
set_property pulltype PULLDOWN [get_ports [list ip]]
set_property pulltype PULLDOWN [get_ports [list reset]]
save_constraints
